// Vitest Snapshot v1, https://vitest.dev/guide/snapshot.html

exports[`End-to-End Tests > Typical graph setup works > Typical graph setup 1`] = `
[
  {
    "id": "n1",
    "index": 0,
    "mass": 2000,
    "shape": {
      "id": "circle",
      "radius": 50,
    },
    "vx": -0.0028148603693142872,
    "vy": -0.001410434668409371,
    "x": 0.7992939806628441,
    "y": 0.8849089741525447,
  },
  {
    "id": "n2",
    "index": 1,
    "mass": 2000,
    "shape": {
      "id": "circle",
      "radius": 50,
    },
    "vx": -0.0010628228133203411,
    "vy": 0.003968441478265543,
    "x": -432.1148250846983,
    "y": 133.709598173405,
  },
  {
    "id": "n3",
    "index": 2,
    "mass": 2000,
    "shape": {
      "id": "circle",
      "radius": 50,
    },
    "vx": -0.0036020234739639386,
    "vy": -0.0009552471503525632,
    "x": -124.9133297904397,
    "y": -437.7202839382673,
  },
  {
    "id": "n4",
    "index": 3,
    "mass": 2000,
    "shape": {
      "id": "circle",
      "radius": 50,
    },
    "vx": -0.0015660853419154097,
    "vy": -0.001819607742398119,
    "x": 264.6033264108636,
    "y": 375.61438800407103,
  },
  {
    "id": "n5",
    "index": 4,
    "mass": 2000,
    "shape": {
      "id": "circle",
      "radius": 50,
    },
    "vx": -0.002546365414419519,
    "vy": 0.00384202877047401,
    "x": -321.07224411502114,
    "y": -300.60312441497985,
  },
  {
    "id": "n6",
    "index": 5,
    "mass": 2000,
    "shape": {
      "id": "circle",
      "radius": 50,
    },
    "vx": -0.0043559736901554545,
    "vy": -0.0016790009159503602,
    "x": 119.42067999349062,
    "y": -436.6920585604553,
  },
  {
    "id": "n7",
    "index": 6,
    "mass": 2000,
    "shape": {
      "id": "circle",
      "radius": 50,
    },
    "vx": -0.0005208317654653606,
    "vy": -0.0035724323216409725,
    "x": -194.16548430605985,
    "y": 485.4035442259666,
  },
  {
    "id": "n8",
    "index": 7,
    "mass": 2000,
    "shape": {
      "id": "circle",
      "radius": 50,
    },
    "vx": 0.007245301993572184,
    "vy": -0.0037406042626803395,
    "x": 173.68068650898883,
    "y": -222.77168111168348,
  },
  {
    "id": "n9",
    "index": 8,
    "mass": 2000,
    "shape": {
      "id": "circle",
      "radius": 50,
    },
    "vx": 0.0026613550250761853,
    "vy": -0.0004659772455471766,
    "x": 458.51029269259294,
    "y": 111.44081437710406,
  },
  {
    "id": "n10",
    "index": 9,
    "mass": 2000,
    "shape": {
      "id": "circle",
      "radius": 50,
    },
    "vx": 0.0025565499851923643,
    "vy": -0.0015543131509727706,
    "x": 21.453290844474527,
    "y": 240.9505910679407,
  },
]
`;

exports[`End-to-End Tests > Typical layout loop works > Typical layout setup 1`] = `
[
  {
    "id": "n1",
    "index": 0,
    "mass": 2000,
    "shape": {
      "id": "circle",
      "radius": 50,
    },
    "vx": -0.0028148603693142872,
    "vy": -0.001410434668409371,
    "x": 0.7992939806628441,
    "y": 0.8849089741525447,
  },
  {
    "id": "n2",
    "index": 1,
    "mass": 2000,
    "shape": {
      "id": "circle",
      "radius": 50,
    },
    "vx": -0.0010628228133203411,
    "vy": 0.003968441478265543,
    "x": -432.1148250846983,
    "y": 133.709598173405,
  },
  {
    "id": "n3",
    "index": 2,
    "mass": 2000,
    "shape": {
      "id": "circle",
      "radius": 50,
    },
    "vx": -0.0036020234739639386,
    "vy": -0.0009552471503525632,
    "x": -124.9133297904397,
    "y": -437.7202839382673,
  },
  {
    "id": "n4",
    "index": 3,
    "mass": 2000,
    "shape": {
      "id": "circle",
      "radius": 50,
    },
    "vx": -0.0015660853419154097,
    "vy": -0.001819607742398119,
    "x": 264.6033264108636,
    "y": 375.61438800407103,
  },
  {
    "id": "n5",
    "index": 4,
    "mass": 2000,
    "shape": {
      "id": "circle",
      "radius": 50,
    },
    "vx": -0.002546365414419519,
    "vy": 0.00384202877047401,
    "x": -321.07224411502114,
    "y": -300.60312441497985,
  },
  {
    "id": "n6",
    "index": 5,
    "mass": 2000,
    "shape": {
      "id": "circle",
      "radius": 50,
    },
    "vx": -0.0043559736901554545,
    "vy": -0.0016790009159503602,
    "x": 119.42067999349062,
    "y": -436.6920585604553,
  },
  {
    "id": "n7",
    "index": 6,
    "mass": 2000,
    "shape": {
      "id": "circle",
      "radius": 50,
    },
    "vx": -0.0005208317654653606,
    "vy": -0.0035724323216409725,
    "x": -194.16548430605985,
    "y": 485.4035442259666,
  },
  {
    "id": "n8",
    "index": 7,
    "mass": 2000,
    "shape": {
      "id": "circle",
      "radius": 50,
    },
    "vx": 0.007245301993572184,
    "vy": -0.0037406042626803395,
    "x": 173.68068650898883,
    "y": -222.77168111168348,
  },
  {
    "id": "n9",
    "index": 8,
    "mass": 2000,
    "shape": {
      "id": "circle",
      "radius": 50,
    },
    "vx": 0.0026613550250761853,
    "vy": -0.0004659772455471766,
    "x": 458.51029269259294,
    "y": 111.44081437710406,
  },
  {
    "id": "n10",
    "index": 9,
    "mass": 2000,
    "shape": {
      "id": "circle",
      "radius": 50,
    },
    "vx": 0.0025565499851923643,
    "vy": -0.0015543131509727706,
    "x": 21.453290844474527,
    "y": 240.9505910679407,
  },
]
`;
