// Vitest Snapshot v1, https://vitest.dev/guide/snapshot.html

exports[`Layout Components > Animation component > Animation component 1`] = `"[{"id":"n1","index":0,"shape":{"id":"circle","radius":50},"mass":2000,"x":1000,"y":1000,"vx":0,"vy":0},{"id":"n2","index":1,"shape":{"id":"circle","radius":50},"mass":2000,"x":1100,"y":1100,"vx":0,"vy":0,"targetX":1100,"targetY":1100}]"`;

exports[`Layout Components > Attraction component > Attraction component 1`] = `"[{"id":"n1","index":0,"shape":{"id":"circle","radius":50},"mass":2000,"x":-3.491400046573043e-33,"y":0,"vx":-6.893746640492769e-34,"vy":0},{"id":"n2","index":1,"shape":{"id":"circle","radius":50},"mass":2000,"x":4.4590777430097775e-33,"y":-4.084880480188589e-33,"vx":8.804419946302615e-34,"vy":-8.065569889292583e-34},{"id":"n3","index":2,"shape":{"id":"circle","radius":50},"mass":2000,"x":-6.825333183514667e-34,"y":7.777115126792936e-33,"vx":-1.3476575894040308e-34,"vy":1.5355863138822475e-33},{"id":"n4","index":3,"shape":{"id":"circle","radius":50},"mass":2000,"x":-5.620378684391819e-33,"y":-7.330788732497068e-33,"vx":-1.109740108752467e-33,"vy":-1.4474594581740242e-33},{"id":"n5","index":4,"shape":{"id":"circle","radius":50},"mass":2000,"x":1.0314086125474182e-32,"y":1.8244166089995397e-33,"vx":2.0365095843723403e-33,"vy":3.6022987057855653e-34},{"id":"n6","index":5,"shape":{"id":"circle","radius":50},"mass":2000,"x":-9.770402767861618e-33,"y":6.215130480615447e-33,"vx":-1.9291596596992203e-33,"vy":1.2271734633509408e-33},{"id":"n7","index":6,"shape":{"id":"circle","radius":50},"mass":2000,"x":3.268008514839599e-33,"y":-1.2156828782814615e-32,"vx":6.452661516800407e-34,"vy":-2.4003579212537622e-33},{"id":"n8","index":7,"shape":{"id":"circle","radius":50},"mass":2000,"x":6.232446658178531e-33,"y":1.2000196787182839e-32,"vx":1.2305925313268093e-33,"vy":2.3694310357844128e-33},{"id":"n9","index":8,"shape":{"id":"circle","radius":50},"mass":2000,"x":-1.3521916284429502e-32,"y":-4.938182139761021e-33,"vx":-2.6698935588978522e-33,"vy":-9.750408455637447e-34},{"id":"n10","index":9,"shape":{"id":"circle","radius":50},"mass":2000,"x":1.406730071778759e-32,"y":-5.806777241665801e-33,"vx":2.777579359868436e-33,"vy":-1.146544382420888e-33}]"`;

exports[`Layout Components > BoundingBox component > BoundingBox component 1`] = `"[{"id":"n1","index":0,"shape":{"id":"circle","radius":50},"mass":2000,"x":7.0710678118654755,"y":0,"vx":0,"vy":0},{"id":"n2","index":1,"shape":{"id":"circle","radius":50},"mass":2000,"x":-9.03088751750192,"y":8.273032735715967,"vx":0,"vy":0},{"id":"n3","index":2,"shape":{"id":"circle","radius":50},"mass":2000,"x":1.3823220809823638,"y":-15,"vx":0,"vy":0},{"id":"n4","index":3,"shape":{"id":"circle","radius":50},"mass":2000,"x":11.382848792909423,"y":14.846910566099618,"vx":0,"vy":0},{"id":"n5","index":4,"shape":{"id":"circle","radius":50},"mass":2000,"x":-15,"y":-3.694957148205299,"vx":0,"vy":0},{"id":"n6","index":5,"shape":{"id":"circle","radius":50},"mass":2000,"x":15,"y":-12.587388583889217,"vx":0,"vy":0},{"id":"n7","index":6,"shape":{"id":"circle","radius":50},"mass":2000,"x":-6.618637082526906,"y":15,"vx":0,"vy":0},{"id":"n8","index":7,"shape":{"id":"circle","radius":50},"mass":2000,"x":-12.62245871740517,"y":-15,"vx":0,"vy":0},{"id":"n9","index":8,"shape":{"id":"circle","radius":50},"mass":2000,"x":15,"y":10.001208773502414,"vx":0,"vy":0},{"id":"n10","index":9,"shape":{"id":"circle","radius":50},"mass":2000,"x":-15,"y":11.760358336627238,"vx":0,"vy":0}]"`;

exports[`Layout Components > Center component > Center component 1`] = `"[{"id":"n1","index":0,"shape":{"id":"circle","radius":50},"mass":2000,"x":8.135209156483205,"y":-1.3165541416739441,"vx":0,"vy":0},{"id":"n2","index":1,"shape":{"id":"circle","radius":50},"mass":2000,"x":-7.96674617288419,"y":6.956478594042024,"vx":0,"vy":0},{"id":"n3","index":2,"shape":{"id":"circle","radius":50},"mass":2000,"x":2.4464634256000934,"y":-17.067401282841576,"vx":0,"vy":0},{"id":"n4","index":3,"shape":{"id":"circle","radius":50},"mass":2000,"x":12.446990137527152,"y":13.530356424425676,"vx":0,"vy":0},{"id":"n5","index":4,"shape":{"id":"circle","radius":50},"mass":2000,"x":-19.82478614515365,"y":-5.011511289879242,"vx":0,"vy":0},{"id":"n6","index":5,"shape":{"id":"circle","radius":50},"mass":2000,"x":20.85195700573039,"y":-13.903942725563159,"vx":0,"vy":0},{"id":"n7","index":6,"shape":{"id":"circle","radius":50},"mass":2000,"x":-5.554495737909176,"y":23.30444590239006,"vx":0,"vy":0},{"id":"n8","index":7,"shape":{"id":"circle","radius":50},"mass":2000,"x":-11.55831737278744,"y":-25.62033030768161,"vx":0,"vy":0},{"id":"n9","index":8,"shape":{"id":"circle","radius":50},"mass":2000,"x":28.44982780796603,"y":8.684654631828472,"vx":0,"vy":0},{"id":"n10","index":9,"shape":{"id":"circle","radius":50},"mass":2000,"x":-27.426102104572415,"y":10.443804194953296,"vx":0,"vy":0}]"`;

exports[`Layout Components > Cluster component > Cluster component 1`] = `"[{"id":"n1","index":0,"shape":{"id":"circle","radius":50},"mass":2000,"x":-1.064141344617731,"y":1.3165541416739428,"vx":-2.1263422964941722e-48,"vy":7.589691489599024e-47},{"id":"n2","index":1,"shape":{"id":"circle","radius":50},"mass":2000,"x":-1.064141344617731,"y":1.3165541416739428,"vx":2.1263641965905865e-48,"vy":4.496168819538329e-47},{"id":"n3","index":2,"shape":{"id":"circle","radius":50},"mass":2000,"x":-1.064141344617731,"y":1.3165541416739428,"vx":9.874855683034413e-50,"vy":7.424705050976167e-48},{"id":"n4","index":3,"shape":{"id":"circle","radius":50},"mass":2000,"x":-1.064141344617731,"y":1.3165541416739428,"vx":-2.1133757481924876e-48,"vy":1.2662568372975414e-46},{"id":"n5","index":4,"shape":{"id":"circle","radius":50},"mass":2000,"x":-1.064141344617731,"y":1.3165541416739428,"vx":3.5457113286983933e-48,"vy":4.493013097254344e-47},{"id":"n6","index":5,"shape":{"id":"circle","radius":50},"mass":2000,"x":-1.064141344617731,"y":1.3165541416739428,"vx":-5.757711404542364e-49,"vy":3.5723979986256575e-48},{"id":"n7","index":6,"shape":{"id":"circle","radius":50},"mass":2000,"x":-1.064141344617731,"y":1.3165541416739428,"vx":-1.3840547073700384e-50,"vy":7.582356051146163e-47},{"id":"n8","index":7,"shape":{"id":"circle","radius":50},"mass":2000,"x":-1.064141344617731,"y":1.3165541416739428,"vx":2.1127241282267122e-48,"vy":4.547234584696279e-47},{"id":"n9","index":8,"shape":{"id":"circle","radius":50},"mass":2000,"x":-1.064141344617731,"y":1.3165541416739428,"vx":-6.774555861810682e-49,"vy":1.2661317905877996e-46},{"id":"n10","index":9,"shape":{"id":"circle","radius":50},"mass":2000,"x":-1.064141344617731,"y":1.3165541416739428,"vx":6.7691502482471995e-49,"vy":-2.0579422870968643e-48}]"`;

exports[`Layout Components > Collision component > Collision component 1`] = `"[{"id":"n1","index":0,"shape":{"id":"circle","radius":50},"mass":2000,"x":140.2852833369105,"y":-29.971231133660485,"vx":2.476477734468614e-65,"vy":-5.571709166666849e-66},{"id":"n2","index":1,"shape":{"id":"circle","radius":50},"mass":2000,"x":-154.42076333270157,"y":135.38839158320658,"vx":-2.7028255870020565e-65,"vy":2.363098822855091e-65},{"id":"n3","index":2,"shape":{"id":"circle","radius":50},"mass":2000,"x":41.124623965577776,"y":-338.53799584106525,"vx":7.388169899572532e-66,"vy":-6.00067480469169e-65},{"id":"n4","index":3,"shape":{"id":"circle","radius":50},"mass":2000,"x":224.85586186640225,"y":296.2686353337007,"vx":3.968504124749672e-65,"vy":5.2316836655596255e-65},{"id":"n5","index":4,"shape":{"id":"circle","radius":50},"mass":2000,"x":-378.16352625536655,"y":-120.01797645813437,"vx":-6.641803094714458e-65,"vy":-2.1624671675752424e-65},{"id":"n6","index":5,"shape":{"id":"circle","radius":50},"mass":2000,"x":381.614523384135,"y":-270.93219238052745,"vx":6.726427670504013e-65,"vy":-4.802679292869861e-65},{"id":"n7","index":6,"shape":{"id":"circle","radius":50},"mass":2000,"x":-101.54344268084154,"y":465.30509639950645,"vx":-1.7646702837715647e-65,"vy":8.19240160111512e-65},{"id":"n8","index":7,"shape":{"id":"circle","radius":50},"mass":2000,"x":-212.57963855180117,"y":-454.6675908615494,"vx":-3.717242200881475e-65,"vy":-8.0005455920289e-65},{"id":"n9","index":8,"shape":{"id":"circle","radius":50},"mass":2000,"x":492.8683812174883,"y":159.56456689096797,"vx":8.653412286336315e-65,"vy":2.7804114208864123e-65},{"id":"n10","index":9,"shape":{"id":"circle","radius":50},"mass":2000,"x":-485.9151987855848,"y":196.4234968479395,"vx":-8.50361737008396e-65,"vy":3.4329230487746315e-65}]"`;

exports[`Layout Components > Connection component > Connections component 1`] = `"[{"id":"n1","index":0,"shape":{"id":"circle","radius":50},"mass":2000,"x":7.0710678118654755,"y":0,"vx":0,"vy":0},{"id":"n2","index":1,"shape":{"id":"circle","radius":50},"mass":2000,"x":-9.03088751750192,"y":8.273032735715967,"vx":0,"vy":0},{"id":"n3","index":2,"shape":{"id":"circle","radius":50},"mass":2000,"x":1.3823220809823638,"y":-15.750847141167634,"vx":0,"vy":0},{"id":"n4","index":3,"shape":{"id":"circle","radius":50},"mass":2000,"x":11.382848792909423,"y":14.846910566099618,"vx":0,"vy":0},{"id":"n5","index":4,"shape":{"id":"circle","radius":50},"mass":2000,"x":-20.88892748977138,"y":-3.694957148205299,"vx":0,"vy":0},{"id":"n6","index":5,"shape":{"id":"circle","radius":50},"mass":2000,"x":19.78781566111266,"y":-12.587388583889217,"vx":0,"vy":0},{"id":"n7","index":6,"shape":{"id":"circle","radius":50},"mass":2000,"x":-6.618637082526906,"y":24.621000044064004,"vx":0,"vy":0},{"id":"n8","index":7,"shape":{"id":"circle","radius":50},"mass":2000,"x":-12.62245871740517,"y":-24.303776166007665,"vx":0,"vy":0},{"id":"n9","index":8,"shape":{"id":"circle","radius":50},"mass":2000,"x":27.3856864633483,"y":10.001208773502414,"vx":0,"vy":0},{"id":"n10","index":9,"shape":{"id":"circle","radius":50},"mass":2000,"x":-28.490243449190146,"y":11.760358336627238,"vx":0,"vy":0}]"`;

exports[`Layout Components > Fan component > Fan component 1`] = `"[{"id":"n1","index":0,"shape":{"id":"circle","radius":50},"mass":2000,"x":400,"y":0,"vx":0,"vy":0,"fx":400,"fy":0},{"id":"n2","index":1,"shape":{"id":"circle","radius":50},"mass":2000,"x":-199.99999999999991,"y":346.4101615137755,"vx":0,"vy":0,"fx":-199.99999999999991,"fy":346.4101615137755},{"id":"n3","index":2,"shape":{"id":"circle","radius":50},"mass":2000,"x":-200.00000000000017,"y":-346.4101615137754,"vx":0,"vy":0,"fx":-200.00000000000017,"fy":-346.4101615137754},{"id":"n4","index":3,"shape":{"id":"circle","radius":50},"mass":2000,"x":600,"y":0,"vx":0,"vy":0,"fx":600,"fy":0},{"id":"n5","index":4,"shape":{"id":"circle","radius":50},"mass":2000,"x":-299.9999999999999,"y":519.6152422706633,"vx":0,"vy":0,"fx":-299.9999999999999,"fy":519.6152422706633},{"id":"n6","index":5,"shape":{"id":"circle","radius":50},"mass":2000,"x":-300.0000000000003,"y":-519.6152422706631,"vx":0,"vy":0,"fx":-300.0000000000003,"fy":-519.6152422706631},{"id":"n7","index":6,"shape":{"id":"circle","radius":50},"mass":2000,"x":800,"y":0,"vx":0,"vy":0,"fx":800,"fy":0},{"id":"n8","index":7,"shape":{"id":"circle","radius":50},"mass":2000,"x":-399.9999999999999,"y":692.8203230275511,"vx":0,"vy":0,"fx":-399.9999999999999,"fy":692.8203230275511},{"id":"n9","index":8,"shape":{"id":"circle","radius":50},"mass":2000,"x":-400.0000000000004,"y":-692.8203230275508,"vx":0,"vy":0,"fx":-400.0000000000004,"fy":-692.8203230275508},{"id":"n10","index":9,"shape":{"id":"circle","radius":50},"mass":2000,"x":1000,"y":0,"vx":0,"vy":0,"fx":1000,"fy":0}]"`;

exports[`Layout Components > Force component > Force component 1`] = `"[{"id":"n1","index":0,"shape":{"id":"circle","radius":50},"mass":2000,"x":134.82677135524142,"y":-71.76692935962718,"vx":-0.02146408144300625,"vy":-0.006001441209338965},{"id":"n2","index":1,"shape":{"id":"circle","radius":50},"mass":2000,"x":-15.360691912112266,"y":-122.85158803841752,"vx":-0.013761369423711561,"vy":-0.05136226494978858},{"id":"n3","index":2,"shape":{"id":"circle","radius":50},"mass":2000,"x":283.9681781665673,"y":-55.36029377162627,"vx":-0.020661707729205604,"vy":0.07296643720726675},{"id":"n4","index":3,"shape":{"id":"circle","radius":50},"mass":2000,"x":152.61243516728067,"y":80.98957213856336,"vx":-0.09749138185933874,"vy":-0.007218860173525119},{"id":"n5","index":4,"shape":{"id":"circle","radius":50},"mass":2000,"x":-20.63878366852755,"y":-234.76897185354017,"vx":0.030895048344034483,"vy":-0.04936843891415175},{"id":"n6","index":5,"shape":{"id":"circle","radius":50},"mass":2000,"x":92.63181743116907,"y":-225.4897479983553,"vx":0.030421022398194428,"vy":-0.012473422563242516},{"id":"n7","index":6,"shape":{"id":"circle","radius":50},"mass":2000,"x":96.29780322225301,"y":323.19907810818427,"vx":0.0653598775018253,"vy":0.00042377621766699327},{"id":"n8","index":7,"shape":{"id":"circle","radius":50},"mass":2000,"x":-299.6720224702143,"y":-17.209893441908832,"vx":0.00674314181897159,"vy":0.018581663353756946},{"id":"n9","index":8,"shape":{"id":"circle","radius":50},"mass":2000,"x":-246.01173700045902,"y":104.90652598727337,"vx":0.00965651531415395,"vy":0.01695296071652712},{"id":"n10","index":9,"shape":{"id":"circle","radius":50},"mass":2000,"x":-178.65376948435252,"y":218.352247577096,"vx":0.010302842261445013,"vy":0.01749966535976862}]"`;

exports[`Layout Components > Grid component > Grid component 1`] = `"[{"id":"n1","index":0,"shape":{"id":"circle","radius":50},"mass":2000,"x":-3.432015250409082e-33,"y":0,"vx":1.6514897273059844e-33,"vy":0},{"id":"n2","index":1,"shape":{"id":"circle","radius":50},"mass":2000,"x":4.383233835317824e-33,"y":-4.015401247950996e-33,"vx":-2.1092172159038525e-33,"vy":1.93221574735493e-33},{"id":"n3","index":2,"shape":{"id":"circle","radius":50},"mass":2000,"x":-6.709241926584042e-34,"y":7.644835127254724e-33,"vx":3.2284950127897806e-34,"vy":-3.6787035483319156e-33},{"id":"n4","index":3,"shape":{"id":"circle","radius":50},"mass":2000,"x":-5.524782351091508e-33,"y":-7.206100243984332e-33,"vx":2.658531688442082e-33,"vy":3.4675838125890456e-33},{"id":"n5","index":4,"shape":{"id":"circle","radius":50},"mass":2000,"x":1.0138655096658068e-32,"y":1.7933853301433815e-33,"vx":-4.878732616014313e-33,"vy":-8.62979105200659e-34},{"id":"n6","index":5,"shape":{"id":"circle","radius":50},"mass":2000,"x":-9.604219182746852e-33,"y":6.1094180867904856e-33,"vx":4.621561433099955e-33,"vy":-2.939859083944693e-33},{"id":"n7","index":6,"shape":{"id":"circle","radius":50},"mass":2000,"x":3.2124233579033786e-33,"y":-1.1950054769628576e-32,"vx":-1.545821853414804e-33,"vy":5.7503802439202854e-33},{"id":"n8","index":7,"shape":{"id":"circle","radius":50},"mass":2000,"x":6.1264397356083065e-33,"y":1.1796086908444125e-32,"vx":-2.9480499211389865e-33,"vy":-5.67629073017144e-33},{"id":"n9","index":8,"shape":{"id":"circle","radius":50},"mass":2000,"x":-1.3291923664968668e-32,"y":-4.8541892040107524e-33,"vx":6.396089115925277e-33,"vy":2.335841486679824e-33},{"id":"n10","index":9,"shape":{"id":"circle","radius":50},"mass":2000,"x":1.382803172123618e-32,"y":-5.708010478113637e-33,"vx":-6.654064935684879e-33,"vy":2.7467012761193192e-33}]"`;

exports[`Layout Components > Hierarchy component > Hierarchy component 1`] = `"[{"id":"n1","index":0,"shape":{"id":"circle","radius":50},"mass":2000,"x":-150,"y":0,"vx":0,"vy":0,"fy":0,"fx":-150},{"id":"n2","index":1,"shape":{"id":"circle","radius":50},"mass":2000,"x":-300,"y":-400,"vx":0,"vy":0,"fy":-400,"fx":-300},{"id":"n3","index":2,"shape":{"id":"circle","radius":50},"mass":2000,"x":-300,"y":400,"vx":0,"vy":0,"fy":400,"fx":-300},{"id":"n4","index":3,"shape":{"id":"circle","radius":50},"mass":2000,"x":-150,"y":400,"vx":0,"vy":0,"fy":400,"fx":-150},{"id":"n5","index":4,"shape":{"id":"circle","radius":50},"mass":2000,"x":-300,"y":0,"vx":0,"vy":0,"fy":0,"fx":-300},{"id":"n6","index":5,"shape":{"id":"circle","radius":50},"mass":2000,"x":-150,"y":-400,"vx":0,"vy":0,"fy":-400,"fx":-150},{"id":"n7","index":6,"shape":{"id":"circle","radius":50},"mass":2000,"x":0,"y":-400,"vx":0,"vy":0,"fy":-400,"fx":0},{"id":"n8","index":7,"shape":{"id":"circle","radius":50},"mass":2000,"x":150,"y":-400,"vx":0,"vy":0,"fy":-400,"fx":150},{"id":"n9","index":8,"shape":{"id":"circle","radius":50},"mass":2000,"x":150,"y":0,"vx":0,"vy":0,"fy":0,"fx":150},{"id":"n10","index":9,"shape":{"id":"circle","radius":50},"mass":2000,"x":150,"y":400,"vx":0,"vy":0,"fy":400,"fx":150}]"`;

exports[`Layout Components > Link component > Link component 1`] = `"[{"id":"n1","index":0,"shape":{"id":"circle","radius":50},"mass":2000,"x":194.28845651589023,"y":-117.7979185632576,"vx":-0.0027178211635040415,"vy":-0.0028258660776314588},{"id":"n2","index":1,"shape":{"id":"circle","radius":50},"mass":2000,"x":-165.82509452629975,"y":153.21446073303417,"vx":0.0225897793955147,"vy":0.02389001190584799},{"id":"n3","index":2,"shape":{"id":"circle","radius":50},"mass":2000,"x":-226.1970004464659,"y":42.76559082871,"vx":-0.000894413885247062,"vy":0.0003414548536478247},{"id":"n4","index":3,"shape":{"id":"circle","radius":50},"mass":2000,"x":-178.23246566336272,"y":134.83260031101838,"vx":-0.000036938365044926956,"vy":0.000025048916223275158},{"id":"n5","index":4,"shape":{"id":"circle","radius":50},"mass":2000,"x":147.17965978325591,"y":-169.69916938916745,"vx":0.0030219291497665915,"vy":0.0025769391632386195},{"id":"n6","index":5,"shape":{"id":"circle","radius":50},"mass":2000,"x":-158.06773297158531,"y":161.37331525282013,"vx":-0.022684805960434134,"vy":-0.023680277276614533},{"id":"n7","index":6,"shape":{"id":"circle","radius":50},"mass":2000,"x":-6.618637082526906,"y":24.621000044064004,"vx":0,"vy":0},{"id":"n8","index":7,"shape":{"id":"circle","radius":50},"mass":2000,"x":-168.0372274114973,"y":-151.86963265090313,"vx":4.539441533098791e-62,"vy":3.1634358991068028e-62},{"id":"n9","index":8,"shape":{"id":"circle","radius":50},"mass":2000,"x":201.14222638864095,"y":105.43666515743188,"vx":-1.9543073874097177e-62,"vy":-1.464398326496209e-62},{"id":"n10","index":9,"shape":{"id":"circle","radius":50},"mass":2000,"x":-220.58855460568358,"y":-51.54469794633624,"vx":-6.308267582793618e-63,"vy":-2.346392461143876e-63}]"`;

exports[`Layout Components > Matrix component > Matrix component 1`] = `"[{"id":"n1","index":0,"shape":{"id":"circle","radius":50},"mass":2000,"x":-250,"y":-250,"vx":0,"vy":0,"fx":-250,"fy":-250},{"id":"n2","index":1,"shape":{"id":"circle","radius":50},"mass":2000,"x":-50,"y":-250,"vx":0,"vy":0,"fx":-50,"fy":-250},{"id":"n3","index":2,"shape":{"id":"circle","radius":50},"mass":2000,"x":-250,"y":-50,"vx":0,"vy":0,"fx":-250,"fy":-50},{"id":"n4","index":3,"shape":{"id":"circle","radius":50},"mass":2000,"x":-50,"y":-50,"vx":0,"vy":0,"fx":-50,"fy":-50},{"id":"n5","index":4,"shape":{"id":"circle","radius":50},"mass":2000,"x":150,"y":-250,"vx":0,"vy":0,"fx":150,"fy":-250},{"id":"n6","index":5,"shape":{"id":"circle","radius":50},"mass":2000,"x":350,"y":-250,"vx":0,"vy":0,"fx":350,"fy":-250},{"id":"n7","index":6,"shape":{"id":"circle","radius":50},"mass":2000,"x":150,"y":-50,"vx":0,"vy":0,"fx":150,"fy":-50},{"id":"n8","index":7,"shape":{"id":"circle","radius":50},"mass":2000,"x":350,"y":-50,"vx":0,"vy":0,"fx":350,"fy":-50},{"id":"n9","index":8,"shape":{"id":"circle","radius":50},"mass":2000,"x":-250,"y":150,"vx":0,"vy":0,"fx":-250,"fy":150},{"id":"n10","index":9,"shape":{"id":"circle","radius":50},"mass":2000,"x":-50,"y":150,"vx":0,"vy":0,"fx":-50,"fy":150}]"`;

exports[`Layout Components > N-body component > NBody component 1`] = `"[{"id":"n1","index":0,"shape":{"id":"circle","radius":50},"mass":2000,"x":745.6390026249884,"y":-156.58769314022712,"vx":1.1745004393562095,"vy":-0.2715086662793424},{"id":"n2","index":1,"shape":{"id":"circle","radius":50},"mass":2000,"x":-714.2036899219354,"y":734.805426564548,"vx":-1.123991726535378,"vy":1.1724902003047728},{"id":"n3","index":2,"shape":{"id":"circle","radius":50},"mass":2000,"x":427.5543474121131,"y":-1887.5977222113984,"vx":0.7824492618620329,"vy":-3.120521280410374},{"id":"n4","index":3,"shape":{"id":"circle","radius":50},"mass":2000,"x":1063.8332122078316,"y":1926.3938664253299,"vx":1.6859505728349498,"vy":3.19319086736482},{"id":"n5","index":4,"shape":{"id":"circle","radius":50},"mass":2000,"x":-2027.3121927265981,"y":-814.7687603448223,"vx":-3.3600777997228577,"vy":-1.3183986469573554},{"id":"n6","index":5,"shape":{"id":"circle","radius":50},"mass":2000,"x":2028.5159026189529,"y":-1343.6671693680698,"vx":3.311593094985965,"vy":-2.074163853539434},{"id":"n7","index":6,"shape":{"id":"circle","radius":50},"mass":2000,"x":-478.9340508382355,"y":2311.1658069816813,"vx":-0.8018637688855802,"vy":3.712745493605257},{"id":"n8","index":7,"shape":{"id":"circle","radius":50},"mass":2000,"x":-1003.2915695376328,"y":-2150.4483008649004,"vx":-1.5754192884227334,"vy":-3.4281573652526243},{"id":"n9","index":8,"shape":{"id":"circle","radius":50},"mass":2000,"x":2291.539655512897,"y":727.6905472845319,"vx":3.6174998674476324,"vy":1.2148163129672649},{"id":"n10","index":9,"shape":{"id":"circle","radius":50},"mass":2000,"x":-2245.700843882239,"y":840.7667775897456,"vx":-3.6169858565167234,"vy":1.3339295505954842}]"`;

exports[`Layout Components > Radial component > Radial component 1`] = `"[{"id":"n1","index":0,"shape":{"id":"circle","radius":50},"mass":2000,"x":382.16560509553784,"y":0.00005167682424418776,"vx":1.7574259256951596e-49,"vy":2.376409322906598e-56},{"id":"n2","index":1,"shape":{"id":"circle","radius":50},"mass":2000,"x":-281.79702346942156,"y":258.14915704262046,"vx":-1.6133521239623831e-49,"vy":1.477962704098626e-49},{"id":"n3","index":2,"shape":{"id":"circle","radius":50},"mass":2000,"x":33.41110498737317,"y":-380.70230861076215,"vx":1.5361932857667327e-50,"vy":-1.7504130156268992e-49},{"id":"n4","index":3,"shape":{"id":"circle","radius":50},"mass":2000,"x":232.524405469629,"y":303.2869113216672,"vx":2.614268309128673e-49,"vy":3.4098500724704096e-49},{"id":"n5","index":4,"shape":{"id":"circle","radius":50},"mass":2000,"x":-376.3236249613103,"y":-66.56635046343104,"vx":-2.890088302229059e-49,"vy":-5.112159270261624e-50},{"id":"n6","index":5,"shape":{"id":"circle","radius":50},"mass":2000,"x":322.4542527945467,"y":-205.11900100369013,"vx":3.29902728530254e-49,"vy":-2.098571115687319e-49},{"id":"n7","index":6,"shape":{"id":"circle","radius":50},"mass":2000,"x":-99.21183626808471,"y":369.063085748705,"vx":-1.0308261601614044e-49,"vy":3.834621934742273e-49},{"id":"n8","index":7,"shape":{"id":"circle","radius":50},"mass":2000,"x":-176.14281199237064,"y":-339.1522659536003,"vx":-9.40919791465455e-50,"vy":-1.8116838021747955e-49},{"id":"n9","index":8,"shape":{"id":"circle","radius":50},"mass":2000,"x":358.97629158883484,"y":131.0975659391474,"vx":3.002560150988101e-49,"vy":1.0965301514431892e-49},{"id":"n10","index":9,"shape":{"id":"circle","radius":50},"mass":2000,"x":-353.25307877877884,"y":145.81773572290558,"vx":-4.1475179246806765e-49,"vy":1.7120351073453467e-49}]"`;

exports[`Layout Components > Tree component > Tree component 1`] = `"[{"id":"n1","index":0,"shape":{"id":"circle","radius":50},"mass":2000,"x":7.0710678118654755,"y":0,"vx":0,"vy":0},{"id":"n2","index":1,"shape":{"id":"circle","radius":50},"mass":2000,"x":-9.03088751750192,"y":8.273032735715967,"vx":0,"vy":0},{"id":"n3","index":2,"shape":{"id":"circle","radius":50},"mass":2000,"x":1.3823220809823638,"y":-15.750847141167634,"vx":0,"vy":0},{"id":"n4","index":3,"shape":{"id":"circle","radius":50},"mass":2000,"x":11.382848792909423,"y":14.846910566099618,"vx":0,"vy":0},{"id":"n5","index":4,"shape":{"id":"circle","radius":50},"mass":2000,"x":-20.88892748977138,"y":-3.694957148205299,"vx":0,"vy":0},{"id":"n6","index":5,"shape":{"id":"circle","radius":50},"mass":2000,"x":19.78781566111266,"y":-12.587388583889217,"vx":0,"vy":0},{"id":"n7","index":6,"shape":{"id":"circle","radius":50},"mass":2000,"x":-6.618637082526906,"y":24.621000044064004,"vx":0,"vy":0},{"id":"n8","index":7,"shape":{"id":"circle","radius":50},"mass":2000,"x":-12.62245871740517,"y":-24.303776166007665,"vx":0,"vy":0},{"id":"n9","index":8,"shape":{"id":"circle","radius":50},"mass":2000,"x":27.3856864633483,"y":10.001208773502414,"vx":0,"vy":0},{"id":"n10","index":9,"shape":{"id":"circle","radius":50},"mass":2000,"x":-28.490243449190146,"y":11.760358336627238,"vx":0,"vy":0}]"`;

exports[`Layout Components > Typical component setup > Typical component Setup 1`] = `"[{"id":"n1","index":0,"shape":{"id":"circle","radius":50},"mass":2000,"x":63.88614068845296,"y":97.66362182909904,"vx":-0.2762118994131779,"vy":0.39934374957989843},{"id":"n2","index":1,"shape":{"id":"circle","radius":50},"mass":2000,"x":-384.04016369370913,"y":180.45887790052058,"vx":-0.25103222791993796,"vy":0.46464730885405714},{"id":"n3","index":2,"shape":{"id":"circle","radius":50},"mass":2000,"x":-160.2900475964153,"y":-297.46382437217164,"vx":-0.23665888604551086,"vy":0.35885422592380606},{"id":"n4","index":3,"shape":{"id":"circle","radius":50},"mass":2000,"x":510.4357974823107,"y":166.48319167050497,"vx":-0.038240828945593885,"vy":-0.985295239121147},{"id":"n5","index":4,"shape":{"id":"circle","radius":50},"mass":2000,"x":-393.9661720324746,"y":-270.1230559749178,"vx":-0.27053996310494705,"vy":0.4619876430642013},{"id":"n6","index":5,"shape":{"id":"circle","radius":50},"mass":2000,"x":50.53658983569498,"y":-362.95180597734594,"vx":-0.29717932885911474,"vy":0.3651926362344877},{"id":"n7","index":6,"shape":{"id":"circle","radius":50},"mass":2000,"x":-184.47210958019284,"y":464.3043678311606,"vx":0.5756547971107511,"vy":0.20599230001144306},{"id":"n8","index":7,"shape":{"id":"circle","radius":50},"mass":2000,"x":-71.46377768567922,"y":-41.6169611440652,"vx":-0.10186940783248301,"vy":0.20956675274670358},{"id":"n9","index":8,"shape":{"id":"circle","radius":50},"mass":2000,"x":371.31176867162924,"y":-153.80175737562482,"vx":-0.31452532160192337,"vy":-0.6284371706198845},{"id":"n10","index":9,"shape":{"id":"circle","radius":50},"mass":2000,"x":263.3109943424273,"y":294.0503384514278,"vx":0.5620061618932658,"vy":-0.41493483325139263}]"`;
