// Jest Snapshot v1, https://goo.gl/fbAQLP

exports[`Layout Components Animation component: Animation component 1`] = `"[{\\"id\\":\\"n1\\",\\"index\\":0,\\"radius\\":50,\\"mass\\":2000,\\"x\\":1000,\\"y\\":1000,\\"vx\\":0,\\"vy\\":0},{\\"id\\":\\"n2\\",\\"index\\":1,\\"radius\\":50,\\"mass\\":2000,\\"x\\":1100,\\"y\\":1100,\\"vx\\":0,\\"vy\\":0,\\"targetX\\":1100,\\"targetY\\":1100}]"`;

exports[`Layout Components Attraction component: Attraction component 1`] = `"[{\\"id\\":\\"n1\\",\\"index\\":0,\\"radius\\":50,\\"mass\\":2000,\\"x\\":-1.74570002328652e-32,\\"y\\":0,\\"vx\\":-3.446873320246395e-33,\\"vy\\":0},{\\"id\\":\\"n2\\",\\"index\\":1,\\"radius\\":50,\\"mass\\":2000,\\"x\\":2.2295388715048862e-32,\\"y\\":-2.0424402400942918e-32,\\"vx\\":4.402209973151315e-33,\\"vy\\":-4.0327849446463156e-33},{\\"id\\":\\"n3\\",\\"index\\":2,\\"radius\\":50,\\"mass\\":2000,\\"x\\":-3.412666591757322e-33,\\"y\\":3.888557563396465e-32,\\"vx\\":-6.738287947020204e-34,\\"vy\\":7.677931569411273e-33},{\\"id\\":\\"n4\\",\\"index\\":3,\\"radius\\":50,\\"mass\\":2000,\\"x\\":-2.810189342195919e-32,\\"y\\":-3.665394366248532e-32,\\"vx\\":-5.548700543762331e-33,\\"vy\\":-7.23729729087009e-33},{\\"id\\":\\"n5\\",\\"index\\":4,\\"radius\\":50,\\"mass\\":2000,\\"x\\":5.157043062737085e-32,\\"y\\":9.122083044997703e-33,\\"vx\\":1.0182547921861756e-32,\\"vy\\":1.801149352892782e-33},{\\"id\\":\\"n6\\",\\"index\\":5,\\"radius\\":50,\\"mass\\":2000,\\"x\\":-4.885201383930809e-32,\\"y\\":3.107565240307719e-32,\\"vx\\":-9.645798298496132e-33,\\"vy\\":6.135867316754722e-33},{\\"id\\":\\"n7\\",\\"index\\":6,\\"radius\\":50,\\"mass\\":2000,\\"x\\":1.6340042574197965e-32,\\"y\\":-6.078414391407302e-32,\\"vx\\":3.2263307584002225e-33,\\"vy\\":-1.2001789606268844e-32},{\\"id\\":\\"n8\\",\\"index\\":7,\\"radius\\":50,\\"mass\\":2000,\\"x\\":3.1162233290892686e-32,\\"y\\":6.000098393591428e-32,\\"vx\\":6.1529626566340484e-33,\\"vy\\":1.1847155178922103e-32},{\\"id\\":\\"n9\\",\\"index\\":8,\\"radius\\":50,\\"mass\\":2000,\\"x\\":-6.760958142214757e-32,\\"y\\":-2.469091069880513e-32,\\"vx\\":-1.3349467794489266e-32,\\"vy\\":-4.875204227818727e-33},{\\"id\\":\\"n10\\",\\"index\\":9,\\"radius\\":50,\\"mass\\":2000,\\"x\\":7.033650358893806e-32,\\"y\\":-2.9033886208329053e-32,\\"vx\\":1.388789679934221e-32,\\"vy\\":-5.7327219121044006e-33}]"`;

exports[`Layout Components BoundingBox component: BoundingBox component 1`] = `"[{\\"id\\":\\"n1\\",\\"index\\":0,\\"radius\\":50,\\"mass\\":2000,\\"x\\":15,\\"y\\":0,\\"vx\\":0,\\"vy\\":0},{\\"id\\":\\"n2\\",\\"index\\":1,\\"radius\\":50,\\"mass\\":2000,\\"x\\":-15,\\"y\\":15,\\"vx\\":0,\\"vy\\":0},{\\"id\\":\\"n3\\",\\"index\\":2,\\"radius\\":50,\\"mass\\":2000,\\"x\\":6.911610404911818,\\"y\\":-15,\\"vx\\":0,\\"vy\\":0},{\\"id\\":\\"n4\\",\\"index\\":3,\\"radius\\":50,\\"mass\\":2000,\\"x\\":15,\\"y\\":15,\\"vx\\":0,\\"vy\\":0},{\\"id\\":\\"n5\\",\\"index\\":4,\\"radius\\":50,\\"mass\\":2000,\\"x\\":-15,\\"y\\":-15,\\"vx\\":0,\\"vy\\":0},{\\"id\\":\\"n6\\",\\"index\\":5,\\"radius\\":50,\\"mass\\":2000,\\"x\\":15,\\"y\\":-15,\\"vx\\":0,\\"vy\\":0},{\\"id\\":\\"n7\\",\\"index\\":6,\\"radius\\":50,\\"mass\\":2000,\\"x\\":-15,\\"y\\":15,\\"vx\\":0,\\"vy\\":0},{\\"id\\":\\"n8\\",\\"index\\":7,\\"radius\\":50,\\"mass\\":2000,\\"x\\":-15,\\"y\\":-15,\\"vx\\":0,\\"vy\\":0},{\\"id\\":\\"n9\\",\\"index\\":8,\\"radius\\":50,\\"mass\\":2000,\\"x\\":15,\\"y\\":15,\\"vx\\":0,\\"vy\\":0},{\\"id\\":\\"n10\\",\\"index\\":9,\\"radius\\":50,\\"mass\\":2000,\\"x\\":-15,\\"y\\":15,\\"vx\\":0,\\"vy\\":0}]"`;

exports[`Layout Components Center component: Center component 1`] = `"[{\\"id\\":\\"n1\\",\\"index\\":0,\\"radius\\":50,\\"mass\\":2000,\\"x\\":40.676045782416026,\\"y\\":-6.582770708369719,\\"vx\\":0,\\"vy\\":0},{\\"id\\":\\"n2\\",\\"index\\":1,\\"radius\\":50,\\"mass\\":2000,\\"x\\":-39.83373086442095,\\"y\\":34.78239297021012,\\"vx\\":0,\\"vy\\":0},{\\"id\\":\\"n3\\",\\"index\\":2,\\"radius\\":50,\\"mass\\":2000,\\"x\\":12.232317128000467,\\"y\\":-85.33700641420788,\\"vx\\":0,\\"vy\\":0},{\\"id\\":\\"n4\\",\\"index\\":3,\\"radius\\":50,\\"mass\\":2000,\\"x\\":62.23495068763575,\\"y\\":67.65178212212838,\\"vx\\":0,\\"vy\\":0},{\\"id\\":\\"n5\\",\\"index\\":4,\\"radius\\":50,\\"mass\\":2000,\\"x\\":-99.12393072576825,\\"y\\":-25.05755644939621,\\"vx\\":0,\\"vy\\":0},{\\"id\\":\\"n6\\",\\"index\\":5,\\"radius\\":50,\\"mass\\":2000,\\"x\\":104.25978502865195,\\"y\\":-69.51971362781579,\\"vx\\":0,\\"vy\\":0},{\\"id\\":\\"n7\\",\\"index\\":6,\\"radius\\":50,\\"mass\\":2000,\\"x\\":-27.772478689545878,\\"y\\":116.5222295119503,\\"vx\\":0,\\"vy\\":0},{\\"id\\":\\"n8\\",\\"index\\":7,\\"radius\\":50,\\"mass\\":2000,\\"x\\":-57.7915868639372,\\"y\\":-128.10165153840805,\\"vx\\":0,\\"vy\\":0},{\\"id\\":\\"n9\\",\\"index\\":8,\\"radius\\":50,\\"mass\\":2000,\\"x\\":142.24913903983017,\\"y\\":43.42327315914236,\\"vx\\":0,\\"vy\\":0},{\\"id\\":\\"n10\\",\\"index\\":9,\\"radius\\":50,\\"mass\\":2000,\\"x\\":-137.1305105228621,\\"y\\":52.21902097476648,\\"vx\\":0,\\"vy\\":0}]"`;

exports[`Layout Components Cluster component: Cluster component 1`] = `"[{\\"id\\":\\"n1\\",\\"index\\":0,\\"radius\\":50,\\"mass\\":2000,\\"x\\":-5.320706723088652,\\"y\\":6.582770708369709,\\"vx\\":-8.497795740953484e-48,\\"vy\\":1.4484415503299805e-47},{\\"id\\":\\"n2\\",\\"index\\":1,\\"radius\\":50,\\"mass\\":2000,\\"x\\":-5.320706723088652,\\"y\\":6.582770708369709,\\"vx\\":-1.25388530793489e-49,\\"vy\\":2.511366463807523e-47},{\\"id\\":\\"n3\\",\\"index\\":2,\\"radius\\":50,\\"mass\\":2000,\\"x\\":-5.320706723088652,\\"y\\":6.582770708369709,\\"vx\\":3.189795244528226e-50,\\"vy\\":2.727810405590723e-47},{\\"id\\":\\"n4\\",\\"index\\":3,\\"radius\\":50,\\"mass\\":2000,\\"x\\":-5.320706723088652,\\"y\\":6.582770708369709,\\"vx\\":-1.422205841347844e-47,\\"vy\\":3.007515339717815e-46},{\\"id\\":\\"n5\\",\\"index\\":4,\\"radius\\":50,\\"mass\\":2000,\\"x\\":-5.320706723088652,\\"y\\":6.582770708369709,\\"vx\\":2.18913848132767e-48,\\"vy\\":1.4454586086409118e-47},{\\"id\\":\\"n6\\",\\"index\\":5,\\"radius\\":50,\\"mass\\":2000,\\"x\\":-5.320706723088652,\\"y\\":6.582770708369709,\\"vx\\":-2.734079774364971e-48,\\"vy\\":2.7213716168141625e-47},{\\"id\\":\\"n7\\",\\"index\\":6,\\"radius\\":50,\\"mass\\":2000,\\"x\\":-5.320706723088652,\\"y\\":6.582770708369709,\\"vx\\":-1.1924710449411206e-49,\\"vy\\":4.897540833185503e-47},{\\"id\\":\\"n8\\",\\"index\\":7,\\"radius\\":50,\\"mass\\":2000,\\"x\\":-5.320706723088652,\\"y\\":6.582770708369709,\\"vx\\":8.390355768385115e-48,\\"vy\\":2.7563512094551576e-47},{\\"id\\":\\"n9\\",\\"index\\":8,\\"radius\\":50,\\"mass\\":2000,\\"x\\":-5.320706723088652,\\"y\\":6.582770708369709,\\"vx\\":-2.0009389905404424e-48,\\"vy\\":2.5250631737666584e-47},{\\"id\\":\\"n10\\",\\"index\\":9,\\"radius\\":50,\\"mass\\":2000,\\"x\\":-5.320706723088652,\\"y\\":6.582770708369709,\\"vx\\":1.9657186755591375e-48,\\"vy\\":2.5245884630727555e-47}]"`;

exports[`Layout Components Collision component: Collision component 1`] = `"[{\\"id\\":\\"n1\\",\\"index\\":0,\\"radius\\":50,\\"mass\\":2000,\\"x\\":61.85813399938343,\\"y\\":3.7590960272011564,\\"vx\\":1.2614415942883512e-65,\\"vy\\":3.60362075099306e-66},{\\"id\\":\\"n2\\",\\"index\\":1,\\"radius\\":50,\\"mass\\":2000,\\"x\\":-64.18885715177416,\\"y\\":50.21231130715868,\\"vx\\":-5.368530840774399e-66,\\"vy\\":3.482037921887946e-66},{\\"id\\":\\"n3\\",\\"index\\":2,\\"radius\\":50,\\"mass\\":2000,\\"x\\":9.321777964294323,\\"y\\":-117.9965542530553,\\"vx\\":1.3861817592989434e-66,\\"vy\\":-1.4761996977736596e-65},{\\"id\\":\\"n4\\",\\"index\\":3,\\"radius\\":50,\\"mass\\":2000,\\"x\\":66.41726481892648,\\"y\\":133.6647494619737,\\"vx\\":3.9756712828812835e-66,\\"vy\\":1.5142636921910572e-65},{\\"id\\":\\"n5\\",\\"index\\":4,\\"radius\\":50,\\"mass\\":2000,\\"x\\":-133.02403044681984,\\"y\\":-52.230636472609774,\\"vx\\":-9.518310902660411e-66,\\"vy\\":-3.559972249333033e-66},{\\"id\\":\\"n6\\",\\"index\\":5,\\"radius\\":50,\\"mass\\":2000,\\"x\\":147.3276190625279,\\"y\\":-82.87903510005262,\\"vx\\":1.1464556475437975e-65,\\"vy\\":-5.122641427024095e-66},{\\"id\\":\\"n7\\",\\"index\\":6,\\"radius\\":50,\\"mass\\":2000,\\"x\\":-49.1002931890056,\\"y\\":181.08834263590472,\\"vx\\":-5.409815279357714e-66,\\"vy\\":1.5608656404498313e-65},{\\"id\\":\\"n8\\",\\"index\\":7,\\"radius\\":50,\\"mass\\":2000,\\"x\\":-107.03860865088723,\\"y\\":-178.2015010874925,\\"vx\\":-1.2322592356380964e-65,\\"vy\\":-2.1405721249491264e-65},{\\"id\\":\\"n9\\",\\"index\\":8,\\"radius\\":50,\\"mass\\":2000,\\"x\\":175.0938833396732,\\"y\\":37.66661661881717,\\"vx\\":8.627639364783974e-66,\\"vy\\":-2.983631611210247e-66},{\\"id\\":\\"n10\\",\\"index\\":9,\\"radius\\":50,\\"mass\\":2000,\\"x\\":-173.71410667137792,\\"y\\":88.51037662293552,\\"vx\\":-1.1440688496921358e-65,\\"vy\\":7.888247602103472e-66}]"`;

exports[`Layout Components Fan component: Fan component 1`] = `"[{\\"id\\":\\"n1\\",\\"index\\":0,\\"radius\\":50,\\"mass\\":2000,\\"x\\":400,\\"y\\":0,\\"vx\\":0,\\"vy\\":0,\\"fx\\":400,\\"fy\\":0},{\\"id\\":\\"n2\\",\\"index\\":1,\\"radius\\":50,\\"mass\\":2000,\\"x\\":-199.99999999999991,\\"y\\":346.4101615137755,\\"vx\\":0,\\"vy\\":0,\\"fx\\":-199.99999999999991,\\"fy\\":346.4101615137755},{\\"id\\":\\"n3\\",\\"index\\":2,\\"radius\\":50,\\"mass\\":2000,\\"x\\":-200.00000000000017,\\"y\\":-346.4101615137754,\\"vx\\":0,\\"vy\\":0,\\"fx\\":-200.00000000000017,\\"fy\\":-346.4101615137754},{\\"id\\":\\"n4\\",\\"index\\":3,\\"radius\\":50,\\"mass\\":2000,\\"x\\":600,\\"y\\":0,\\"vx\\":0,\\"vy\\":0,\\"fx\\":600,\\"fy\\":0},{\\"id\\":\\"n5\\",\\"index\\":4,\\"radius\\":50,\\"mass\\":2000,\\"x\\":-299.9999999999999,\\"y\\":519.6152422706633,\\"vx\\":0,\\"vy\\":0,\\"fx\\":-299.9999999999999,\\"fy\\":519.6152422706633},{\\"id\\":\\"n6\\",\\"index\\":5,\\"radius\\":50,\\"mass\\":2000,\\"x\\":-300.0000000000003,\\"y\\":-519.6152422706631,\\"vx\\":0,\\"vy\\":0,\\"fx\\":-300.0000000000003,\\"fy\\":-519.6152422706631},{\\"id\\":\\"n7\\",\\"index\\":6,\\"radius\\":50,\\"mass\\":2000,\\"x\\":800,\\"y\\":0,\\"vx\\":0,\\"vy\\":0,\\"fx\\":800,\\"fy\\":0},{\\"id\\":\\"n8\\",\\"index\\":7,\\"radius\\":50,\\"mass\\":2000,\\"x\\":-399.9999999999999,\\"y\\":692.8203230275511,\\"vx\\":0,\\"vy\\":0,\\"fx\\":-399.9999999999999,\\"fy\\":692.8203230275511},{\\"id\\":\\"n9\\",\\"index\\":8,\\"radius\\":50,\\"mass\\":2000,\\"x\\":-400.0000000000004,\\"y\\":-692.8203230275508,\\"vx\\":0,\\"vy\\":0,\\"fx\\":-400.0000000000004,\\"fy\\":-692.8203230275508},{\\"id\\":\\"n10\\",\\"index\\":9,\\"radius\\":50,\\"mass\\":2000,\\"x\\":1000,\\"y\\":0,\\"vx\\":0,\\"vy\\":0,\\"fx\\":1000,\\"fy\\":0}]"`;

exports[`Layout Components Grid component: Grid component 1`] = `"[{\\"id\\":\\"n1\\",\\"index\\":0,\\"radius\\":50,\\"mass\\":2000,\\"x\\":-1.7160076252045386e-32,\\"y\\":0,\\"vx\\":8.257448636529919e-33,\\"vy\\":0},{\\"id\\":\\"n2\\",\\"index\\":1,\\"radius\\":50,\\"mass\\":2000,\\"x\\":2.191616917658913e-32,\\"y\\":-2.0077006239754951e-32,\\"vx\\":-1.0546086079519258e-32,\\"vy\\":9.661078736774644e-33},{\\"id\\":\\"n3\\",\\"index\\":2,\\"radius\\":50,\\"mass\\":2000,\\"x\\":-3.354620963292029e-33,\\"y\\":3.8224175636273675e-32,\\"vx\\":1.614247506394892e-33,\\"vy\\":-1.8393517741659553e-32},{\\"id\\":\\"n4\\",\\"index\\":3,\\"radius\\":50,\\"mass\\":2000,\\"x\\":-2.762391175545756e-32,\\"y\\":-3.6030501219921676e-32,\\"vx\\":1.3292658442210427e-32,\\"vy\\":1.7337919062945244e-32},{\\"id\\":\\"n5\\",\\"index\\":4,\\"radius\\":50,\\"mass\\":2000,\\"x\\":5.069327548329032e-32,\\"y\\":8.966926650716908e-33,\\"vx\\":-2.4393663080071524e-32,\\"vy\\":-4.3148955260032996e-33},{\\"id\\":\\"n6\\",\\"index\\":5,\\"radius\\":50,\\"mass\\":2000,\\"x\\":-4.802109591373422e-32,\\"y\\":3.0547090433952376e-32,\\"vx\\":2.310780716549975e-32,\\"vy\\":-1.4699295419723447e-32},{\\"id\\":\\"n7\\",\\"index\\":6,\\"radius\\":50,\\"mass\\":2000,\\"x\\":1.6062116789516884e-32,\\"y\\":-5.975027384814293e-32,\\"vx\\":-7.729109267073997e-33,\\"vy\\":2.875190121960139e-32},{\\"id\\":\\"n8\\",\\"index\\":7,\\"radius\\":50,\\"mass\\":2000,\\"x\\":3.063219867804152e-32,\\"y\\":5.898043454222051e-32,\\"vx\\":-1.4740249605695004e-32,\\"vy\\":-2.838145365085718e-32},{\\"id\\":\\"n9\\",\\"index\\":8,\\"radius\\":50,\\"mass\\":2000,\\"x\\":-6.645961832484323e-32,\\"y\\":-2.4270946020053785e-32,\\"vx\\":3.1980445579626326e-32,\\"vy\\":1.167920743339912e-32},{\\"id\\":\\"n10\\",\\"index\\":9,\\"radius\\":50,\\"mass\\":2000,\\"x\\":6.914015860618086e-32,\\"y\\":-2.85400523905682e-32,\\"vx\\":-3.327032467842438e-32,\\"vy\\":1.373350638059664e-32}]"`;

exports[`Layout Components Hierarchy component: Hierarchy component 1`] = `"[{\\"id\\":\\"n1\\",\\"index\\":0,\\"radius\\":50,\\"mass\\":2000,\\"x\\":-150,\\"y\\":0,\\"vx\\":0,\\"vy\\":0,\\"fy\\":0,\\"fx\\":-150},{\\"id\\":\\"n2\\",\\"index\\":1,\\"radius\\":50,\\"mass\\":2000,\\"x\\":-300,\\"y\\":-400,\\"vx\\":0,\\"vy\\":0,\\"fy\\":-400,\\"fx\\":-300},{\\"id\\":\\"n3\\",\\"index\\":2,\\"radius\\":50,\\"mass\\":2000,\\"x\\":-300,\\"y\\":400,\\"vx\\":0,\\"vy\\":0,\\"fy\\":400,\\"fx\\":-300},{\\"id\\":\\"n4\\",\\"index\\":3,\\"radius\\":50,\\"mass\\":2000,\\"x\\":-150,\\"y\\":400,\\"vx\\":0,\\"vy\\":0,\\"fy\\":400,\\"fx\\":-150},{\\"id\\":\\"n5\\",\\"index\\":4,\\"radius\\":50,\\"mass\\":2000,\\"x\\":-300,\\"y\\":0,\\"vx\\":0,\\"vy\\":0,\\"fy\\":0,\\"fx\\":-300},{\\"id\\":\\"n6\\",\\"index\\":5,\\"radius\\":50,\\"mass\\":2000,\\"x\\":-150,\\"y\\":-400,\\"vx\\":0,\\"vy\\":0,\\"fy\\":-400,\\"fx\\":-150},{\\"id\\":\\"n7\\",\\"index\\":6,\\"radius\\":50,\\"mass\\":2000,\\"x\\":0,\\"y\\":-400,\\"vx\\":0,\\"vy\\":0,\\"fy\\":-400,\\"fx\\":0},{\\"id\\":\\"n8\\",\\"index\\":7,\\"radius\\":50,\\"mass\\":2000,\\"x\\":150,\\"y\\":-400,\\"vx\\":0,\\"vy\\":0,\\"fy\\":-400,\\"fx\\":150},{\\"id\\":\\"n9\\",\\"index\\":8,\\"radius\\":50,\\"mass\\":2000,\\"x\\":150,\\"y\\":0,\\"vx\\":0,\\"vy\\":0,\\"fy\\":0,\\"fx\\":150},{\\"id\\":\\"n10\\",\\"index\\":9,\\"radius\\":50,\\"mass\\":2000,\\"x\\":150,\\"y\\":400,\\"vx\\":0,\\"vy\\":0,\\"fy\\":400,\\"fx\\":150}]"`;

exports[`Layout Components Link component: Link component 1`] = `"[{\\"id\\":\\"n1\\",\\"index\\":0,\\"radius\\":50,\\"mass\\":2000,\\"x\\":-29.484680565352193,\\"y\\":-95.49632580243835,\\"vx\\":-1.8761307665098978e-16,\\"vy\\":-2.1291344290336733e-15},{\\"id\\":\\"n2\\",\\"index\\":1,\\"radius\\":50,\\"mass\\":2000,\\"x\\":-198.97302914159778,\\"y\\":321.36540150878534,\\"vx\\":-4.3256028200656216e-15,\\"vy\\":1.0638951163204489e-14},{\\"id\\":\\"n3\\",\\"index\\":2,\\"radius\\":50,\\"mass\\":2000,\\"x\\":-399.5805311796959,\\"y\\":-351.48277340864524,\\"vx\\":-1.9635012558110303e-14,\\"vy\\":-1.3581068539705248e-14},{\\"id\\":\\"n4\\",\\"index\\":3,\\"radius\\":50,\\"mass\\":2000,\\"x\\":-79.1405981791196,\\"y\\":351.7556052676631,\\"vx\\":2.6344379822480112e-15,\\"vy\\":-2.3728440263848136e-14},{\\"id\\":\\"n5\\",\\"index\\":4,\\"radius\\":50,\\"mass\\":2000,\\"x\\":-29.48468056535222,\\"y\\":-95.4963258024384,\\"vx\\":-1.5729464800238618e-15,\\"vy\\":3.8687095138925424e-15},{\\"id\\":\\"n6\\",\\"index\\":5,\\"radius\\":50,\\"mass\\":2000,\\"x\\":420.1134147573094,\\"y\\":-114.51086450930353,\\"vx\\":1.2339873754252855e-14,\\"vy\\":-5.21881675165193e-16},{\\"id\\":\\"n7\\",\\"index\\":6,\\"radius\\":50,\\"mass\\":2000,\\"x\\":-33.093185412634526,\\"y\\":123.10500022032001,\\"vx\\":0,\\"vy\\":0},{\\"id\\":\\"n8\\",\\"index\\":7,\\"radius\\":50,\\"mass\\":2000,\\"x\\":-140.69596551347513,\\"y\\":-186.27692147948844,\\"vx\\":1.6746613578747966e-63,\\"vy\\":1.2536921657428958e-63},{\\"id\\":\\"n9\\",\\"index\\":8,\\"radius\\":50,\\"mass\\":2000,\\"x\\":219.38756610296764,\\"y\\":83.61166712445804,\\"vx\\":-7.662806160644034e-15,\\"vy\\":-4.651026021519998e-16},{\\"id\\":\\"n10\\",\\"index\\":9,\\"radius\\":50,\\"mass\\":2000,\\"x\\":-229.78581289195375,\\"y\\":56.34858581869446,\\"vx\\":1.5325612321288068e-14,\\"vy\\":9.302052043039993e-16}]"`;

exports[`Layout Components Matrix component: Matrix component 1`] = `"[{\\"id\\":\\"n1\\",\\"index\\":0,\\"radius\\":50,\\"mass\\":2000,\\"x\\":-255.32070672308862,\\"y\\":-250,\\"vx\\":0,\\"vy\\":0,\\"fx\\":-255.32070672308862,\\"fy\\":-250},{\\"id\\":\\"n2\\",\\"index\\":1,\\"radius\\":50,\\"mass\\":2000,\\"x\\":-55.32070672308865,\\"y\\":-250,\\"vx\\":0,\\"vy\\":0,\\"fx\\":-55.32070672308865,\\"fy\\":-250},{\\"id\\":\\"n3\\",\\"index\\":2,\\"radius\\":50,\\"mass\\":2000,\\"x\\":-255.32070672308862,\\"y\\":-50,\\"vx\\":0,\\"vy\\":0,\\"fx\\":-255.32070672308862,\\"fy\\":-50},{\\"id\\":\\"n4\\",\\"index\\":3,\\"radius\\":50,\\"mass\\":2000,\\"x\\":-55.32070672308865,\\"y\\":-50,\\"vx\\":0,\\"vy\\":0,\\"fx\\":-55.32070672308865,\\"fy\\":-50},{\\"id\\":\\"n5\\",\\"index\\":4,\\"radius\\":50,\\"mass\\":2000,\\"x\\":144.67929327691135,\\"y\\":-250,\\"vx\\":0,\\"vy\\":0,\\"fx\\":144.67929327691135,\\"fy\\":-250},{\\"id\\":\\"n6\\",\\"index\\":5,\\"radius\\":50,\\"mass\\":2000,\\"x\\":344.6792932769114,\\"y\\":-250,\\"vx\\":0,\\"vy\\":0,\\"fx\\":344.6792932769114,\\"fy\\":-250},{\\"id\\":\\"n7\\",\\"index\\":6,\\"radius\\":50,\\"mass\\":2000,\\"x\\":144.67929327691135,\\"y\\":-50,\\"vx\\":0,\\"vy\\":0,\\"fx\\":144.67929327691135,\\"fy\\":-50},{\\"id\\":\\"n8\\",\\"index\\":7,\\"radius\\":50,\\"mass\\":2000,\\"x\\":344.6792932769114,\\"y\\":-50,\\"vx\\":0,\\"vy\\":0,\\"fx\\":344.6792932769114,\\"fy\\":-50},{\\"id\\":\\"n9\\",\\"index\\":8,\\"radius\\":50,\\"mass\\":2000,\\"x\\":-255.32070672308862,\\"y\\":150,\\"vx\\":0,\\"vy\\":0,\\"fx\\":-255.32070672308862,\\"fy\\":150},{\\"id\\":\\"n10\\",\\"index\\":9,\\"radius\\":50,\\"mass\\":2000,\\"x\\":-55.32070672308865,\\"y\\":150,\\"vx\\":0,\\"vy\\":0,\\"fx\\":-55.32070672308865,\\"fy\\":150}]"`;

exports[`Layout Components N-body component: NBody component 1`] = `"[{\\"id\\":\\"n1\\",\\"index\\":0,\\"radius\\":50,\\"mass\\":2000,\\"x\\":774.0890952990829,\\"y\\":-160.39950467336925,\\"vx\\":1.2375480391101708,\\"vy\\":-0.28844841384323255},{\\"id\\":\\"n2\\",\\"index\\":1,\\"radius\\":50,\\"mass\\":2000,\\"x\\":-721.19723395535,\\"y\\":751.1642527294367,\\"vx\\":-1.1584693530126078,\\"vy\\":1.2114490753995524},{\\"id\\":\\"n3\\",\\"index\\":2,\\"radius\\":50,\\"mass\\":2000,\\"x\\":381.68024796956615,\\"y\\":-1840.532604597518,\\"vx\\":0.7256782774322253,\\"vy\\":-3.1227045201700223},{\\"id\\":\\"n4\\",\\"index\\":3,\\"radius\\":50,\\"mass\\":2000,\\"x\\":1038.538481830623,\\"y\\":1810.2232594468026,\\"vx\\":1.7152346033109342,\\"vy\\":3.16718706466239},{\\"id\\":\\"n5\\",\\"index\\":4,\\"radius\\":50,\\"mass\\":2000,\\"x\\":-1965.867258350746,\\"y\\":-770.3500671448198,\\"vx\\":-3.378305341695215,\\"vy\\":-1.3148666833489309},{\\"id\\":\\"n6\\",\\"index\\":5,\\"radius\\":50,\\"mass\\":2000,\\"x\\":1995.1153362877076,\\"y\\":-1364.0506510647774,\\"vx\\":3.3225982185930008,\\"vy\\":-2.177785378318231},{\\"id\\":\\"n7\\",\\"index\\":6,\\"radius\\":50,\\"mass\\":2000,\\"x\\":-447.2462397681112,\\"y\\":2295.6234115669745,\\"vx\\":-0.7543232337248409,\\"vy\\":3.767734247335448},{\\"id\\":\\"n8\\",\\"index\\":7,\\"radius\\":50,\\"mass\\":2000,\\"x\\":-1020.0579430062015,\\"y\\":-2132.639901240567,\\"vx\\":-1.6300474145104136,\\"vy\\":-3.465704353178583},{\\"id\\":\\"n9\\",\\"index\\":8,\\"radius\\":50,\\"mass\\":2000,\\"x\\":2299.62170678845,\\"y\\":745.1027854539948,\\"vx\\":3.692974112967101,\\"vy\\":1.219677485231765},{\\"id\\":\\"n10\\",\\"index\\":9,\\"radius\\":50,\\"mass\\":2000,\\"x\\":-2236.452356388572,\\"y\\":858.4140458753192,\\"vx\\":-3.6524146731143023,\\"vy\\":1.3666027440027306}]"`;

exports[`Layout Components Radial component: Radial component 1`] = `"[{\\"id\\":\\"n1\\",\\"index\\":0,\\"radius\\":50,\\"mass\\":2000,\\"x\\":382.16560509554125,\\"y\\":0.000008752913389153405,\\"vx\\":2.930835514518518e-49,\\"vy\\":6.71262643063394e-57},{\\"id\\":\\"n2\\",\\"index\\":1,\\"radius\\":50,\\"mass\\":2000,\\"x\\":-281.7970234694214,\\"y\\":258.14915704262063,\\"vx\\":-3.2114236057405697e-49,\\"vy\\":2.941927088235059e-49},{\\"id\\":\\"n3\\",\\"index\\":2,\\"radius\\":50,\\"mass\\":2000,\\"x\\":33.4111049873732,\\"y\\":-380.70230861076215,\\"vx\\":1.5562923678217914e-50,\\"vy\\":-1.7733148829617522e-49},{\\"id\\":\\"n4\\",\\"index\\":3,\\"radius\\":50,\\"mass\\":2000,\\"x\\":232.5244054696288,\\"y\\":303.2869113216674,\\"vx\\":2.680772615994127e-49,\\"vy\\":3.4965931641389e-49},{\\"id\\":\\"n5\\",\\"index\\":4,\\"radius\\":50,\\"mass\\":2000,\\"x\\":-376.32362496131026,\\"y\\":-66.5663504634312,\\"vx\\":-1.7453744292228236e-49,\\"vy\\":-3.0873216093595566e-50},{\\"id\\":\\"n6\\",\\"index\\":5,\\"radius\\":50,\\"mass\\":2000,\\"x\\":322.45425279454656,\\"y\\":-205.11900100369039,\\"vx\\":3.6585302019174676e-49,\\"vy\\":-2.3272574439800778e-49},{\\"id\\":\\"n7\\",\\"index\\":6,\\"radius\\":50,\\"mass\\":2000,\\"x\\":-99.21183626808488,\\"y\\":369.063085748705,\\"vx\\":-2.006763718447655e-49,\\"vy\\":7.465061006406184e-49},{\\"id\\":\\"n8\\",\\"index\\":7,\\"radius\\":50,\\"mass\\":2000,\\"x\\":-176.14281199237053,\\"y\\":-339.15226595360036,\\"vx\\":-2.1288175879015218e-49,\\"vy\\":-4.098908723961736e-49},{\\"id\\":\\"n9\\",\\"index\\":8,\\"radius\\":50,\\"mass\\":2000,\\"x\\":358.9762915888349,\\"y\\":131.09756593914713,\\"vx\\":1.5960807303001633e-49,\\"vy\\":5.828861228094427e-50},{\\"id\\":\\"n10\\",\\"index\\":9,\\"radius\\":50,\\"mass\\":2000,\\"x\\":-353.25307877877884,\\"y\\":145.81773572290552,\\"vx\\":-1.729555822907553e-49,\\"vy\\":7.139355013539275e-50}]"`;

exports[`Layout Components Typical component setup: Typical component Setup 1`] = `"[{\\"id\\":\\"n1\\",\\"index\\":0,\\"radius\\":50,\\"mass\\":2000,\\"x\\":57.92395493420163,\\"y\\":96.92087419385898,\\"vx\\":-0.41910049564137003,\\"vy\\":0.44953271767076747},{\\"id\\":\\"n2\\",\\"index\\":1,\\"radius\\":50,\\"mass\\":2000,\\"x\\":-386.99133616035374,\\"y\\":190.70909849450064,\\"vx\\":-0.41966682299537317,\\"vy\\":0.3572495386005923},{\\"id\\":\\"n3\\",\\"index\\":2,\\"radius\\":50,\\"mass\\":2000,\\"x\\":-168.7481901434086,\\"y\\":-297.27179269627976,\\"vx\\":-0.2450895445430621,\\"vy\\":0.33047817135451385},{\\"id\\":\\"n4\\",\\"index\\":3,\\"radius\\":50,\\"mass\\":2000,\\"x\\":503.5250024636926,\\"y\\":175.4036088025271,\\"vx\\":-0.10704842044776952,\\"vy\\":-1.1517786601297781},{\\"id\\":\\"n5\\",\\"index\\":4,\\"radius\\":50,\\"mass\\":2000,\\"x\\":-399.09501178931913,\\"y\\":-259.7300574652475,\\"vx\\":-0.2617263023960177,\\"vy\\":0.34881209491312165},{\\"id\\":\\"n6\\",\\"index\\":5,\\"radius\\":50,\\"mass\\":2000,\\"x\\":43.00511227477904,\\"y\\":-363.7235352346811,\\"vx\\":-0.257380305047574,\\"vy\\":0.4021326218743038},{\\"id\\":\\"n7\\",\\"index\\":6,\\"radius\\":50,\\"mass\\":2000,\\"x\\":-177.51876503022362,\\"y\\":467.36251628259515,\\"vx\\":0.5526690990922064,\\"vy\\":0.13727586754206128},{\\"id\\":\\"n8\\",\\"index\\":7,\\"radius\\":50,\\"mass\\":2000,\\"x\\":-65.55471961780903,\\"y\\":-58.66837318340645,\\"vx\\":-0.11151066688147794,\\"vy\\":0.15664818398606117},{\\"id\\":\\"n9\\",\\"index\\":8,\\"radius\\":50,\\"mass\\":2000,\\"x\\":378.48378414684913,\\"y\\":-159.9219433179623,\\"vx\\":-0.3016070215563792,\\"vy\\":-0.6130218587027465},{\\"id\\":\\"n10\\",\\"index\\":9,\\"radius\\":50,\\"mass\\":2000,\\"x\\":261.87572865286694,\\"y\\":285.58841740136194,\\"vx\\":0.5481988064324557,\\"vy\\":-0.3841047348837474}]"`;
