// Jest Snapshot v1, https://goo.gl/fbAQLP

exports[`End-to-End Tests Typical graph setup works: Typical graph setup 1`] = `
Array [
  Object {
    "id": "n1",
    "index": 0,
    "mass": 2000,
    "radius": 50,
    "vx": -0.0014056788650674168,
    "vy": -0.001027349853782015,
    "x": 126.34726982437574,
    "y": 48.48868792870981,
  },
  Object {
    "id": "n2",
    "index": 1,
    "mass": 2000,
    "radius": 50,
    "vx": -0.0008660706002616717,
    "vy": -0.00025023407573761806,
    "x": -339.068883423034,
    "y": 98.12782225455807,
  },
  Object {
    "id": "n3",
    "index": 2,
    "mass": 2000,
    "radius": 50,
    "vx": -0.002108672191582527,
    "vy": -0.0008286681327984415,
    "x": -64.67406904632774,
    "y": -367.06096116777854,
  },
  Object {
    "id": "n4",
    "index": 3,
    "mass": 2000,
    "radius": 50,
    "vx": 0.0031006504752121578,
    "vy": -0.0029432544464397647,
    "x": 289.0038885379553,
    "y": 466.9373364446614,
  },
  Object {
    "id": "n5",
    "index": 4,
    "mass": 2000,
    "radius": 50,
    "vx": -0.0013747906559529789,
    "vy": -0.00019841500001511266,
    "x": -307.4881314656687,
    "y": -351.0570503748456,
  },
  Object {
    "id": "n6",
    "index": 5,
    "mass": 2000,
    "radius": 50,
    "vx": -0.0012290868613614842,
    "vy": -0.0012607292172967545,
    "x": 151.74595519650606,
    "y": -405.21869156644584,
  },
  Object {
    "id": "n7",
    "index": 6,
    "mass": 2000,
    "radius": 50,
    "vx": -0.004871490431075796,
    "vy": -0.0011855732431741233,
    "x": -215.74443253502764,
    "y": 492.86722036355036,
  },
  Object {
    "id": "n8",
    "index": 7,
    "mass": 2000,
    "radius": 50,
    "vx": 0.0010745053125946632,
    "vy": -0.002354384748288545,
    "x": 9.724152990243976,
    "y": -119.4920128731314,
  },
  Object {
    "id": "n9",
    "index": 8,
    "mass": 2000,
    "radius": 50,
    "vx": 0.0006541199396378107,
    "vy": -0.0014981110164009276,
    "x": 440.8311074156422,
    "y": 32.59643616394459,
  },
  Object {
    "id": "n10",
    "index": 9,
    "mass": 2000,
    "radius": 50,
    "vx": 0.004192713231556837,
    "vy": 0.004443072298939321,
    "x": 42.29660136097145,
    "y": 265.95541791164135,
  },
]
`;

exports[`End-to-End Tests Typical layout loop works: Typical layout setup 1`] = `
Array [
  Object {
    "id": "n1",
    "index": 0,
    "mass": 2000,
    "radius": 50,
    "vx": -0.0014056788650674168,
    "vy": -0.001027349853782015,
    "x": 126.34726982437574,
    "y": 48.48868792870981,
  },
  Object {
    "id": "n2",
    "index": 1,
    "mass": 2000,
    "radius": 50,
    "vx": -0.0008660706002616717,
    "vy": -0.00025023407573761806,
    "x": -339.068883423034,
    "y": 98.12782225455807,
  },
  Object {
    "id": "n3",
    "index": 2,
    "mass": 2000,
    "radius": 50,
    "vx": -0.002108672191582527,
    "vy": -0.0008286681327984415,
    "x": -64.67406904632774,
    "y": -367.06096116777854,
  },
  Object {
    "id": "n4",
    "index": 3,
    "mass": 2000,
    "radius": 50,
    "vx": 0.0031006504752121578,
    "vy": -0.0029432544464397647,
    "x": 289.0038885379553,
    "y": 466.9373364446614,
  },
  Object {
    "id": "n5",
    "index": 4,
    "mass": 2000,
    "radius": 50,
    "vx": -0.0013747906559529789,
    "vy": -0.00019841500001511266,
    "x": -307.4881314656687,
    "y": -351.0570503748456,
  },
  Object {
    "id": "n6",
    "index": 5,
    "mass": 2000,
    "radius": 50,
    "vx": -0.0012290868613614842,
    "vy": -0.0012607292172967545,
    "x": 151.74595519650606,
    "y": -405.21869156644584,
  },
  Object {
    "id": "n7",
    "index": 6,
    "mass": 2000,
    "radius": 50,
    "vx": -0.004871490431075796,
    "vy": -0.0011855732431741233,
    "x": -215.74443253502764,
    "y": 492.86722036355036,
  },
  Object {
    "id": "n8",
    "index": 7,
    "mass": 2000,
    "radius": 50,
    "vx": 0.0010745053125946632,
    "vy": -0.002354384748288545,
    "x": 9.724152990243976,
    "y": -119.4920128731314,
  },
  Object {
    "id": "n9",
    "index": 8,
    "mass": 2000,
    "radius": 50,
    "vx": 0.0006541199396378107,
    "vy": -0.0014981110164009276,
    "x": 440.8311074156422,
    "y": 32.59643616394459,
  },
  Object {
    "id": "n10",
    "index": 9,
    "mass": 2000,
    "radius": 50,
    "vx": 0.004192713231556837,
    "vy": 0.004443072298939321,
    "x": 42.29660136097145,
    "y": 265.95541791164135,
  },
]
`;
